// Jest Snapshot v1, https://goo.gl/fbAQLP

exports[`Pruebas en <AddCategory /> debe de mostrarse correctamente 1`] = `
<form
  onSubmit={[Function]}
>
  <label>
    Escribe los Gifs a buscar:
  </label>
  <input
    onChange={[Function]}
    type="text"
    value=""
  />
</form>
`;
